30일 밝혔다.
반도체 관련 주인 대덕 전자가 상승세다.
30일 오전 9시 43분 기준 대덕 전자는 전 거래일보다 4.87% (650 원) 오른 1만 4000원에 거래되고 있다.
앞서 대덕 전자는 지난 14일 신규 비메모리 반도체 시장 확대에 대응하기 위해 900억원 규모의 신규 시설투자를 결정했다고
밝혔다.
